### [1/6] fig_feas.py       -> fig_feasibility.pdf, fig_feasibility_small_buffer.pdf
wrote fig_feasibility.pdf + fig_feasibility_small_buffer.pdf

### [2/6] fig_dtref.py      -> fig_breach_refinement.pdf   (plots the sweep JSON)
wrote fig_breach_refinement.pdf

### [3/6] run_e1_acc.py     -> fig_qubit_confinement.pdf   (M=1000 Monte Carlo)
Accelerated E1 qubit confinement: M = 1000, dt = 5.0e-04
  funnel eps0=0.7, eps_T=0.3, T=4.0; theta_b=0.35, lam=0.5
  parallel workers: 10
  ensemble integrated in 8s
  shell-exit  (tau_Omega<=T, s<theta_b*eps, still in funnel): 253/1000 = 25.3%  95% CI [22.6, 28.1]
  funnel-exit (tau_aleph<=T, xi>=eps, true breach):   73/1000 = 7.3%  95% CI [5.8, 9.1]
  V-space Delta(T) = 0.002   level log(1/theta_b) = 1.050   V0 = 0.377
  Corollary III.2 shell bound (realized slack): P[tau_Omega <= T] <= (V0+Delta(T))/log(1/theta_b) = 0.361
  (realized-slack version; the a-priori envelope bound of the
   closed-loop corollary comes from quantumdbc.envelope --
   qubit_nu_envelope + closed_loop_bound -- and is what Table I
   and Section V-E4 report)
  wrote /Users/atlas/Desktop/Aegis/sim_prototype/../figures/fig_qubit_confinement.pdf

### [4/6] run_bell.py       -> fig_bell_chatter.pdf
###       (also writes fig_chatter_robustness.pdf -- overwritten in step 5)
Bell-state E2:  rho_0 = |00><00|, dt = 2.5e-04, seed = 7
  two trajectories integrated in 0.2s

  unregularized  (w_r = 0,  w_u = 1)
    control sign-flip fraction = 0.902
    mean step-to-step |du|     = 1.790
    mean |u_1|                 = 0.899
    xi(0) -> xi(T)             = 0.5000 -> 0.4416
    worst negativity           = 7.4e-05
  regularized    (w_r = 50, c = 20)
    control sign-flip fraction = 0.004
    mean step-to-step |du|     = 0.000
    mean |u_1|                 = 0.000
    xi(0) -> xi(T)             = 0.5000 -> 0.4447
    worst negativity           = 2.4e-16

  note: xi(T) is essentially equal for the two laws -- coherent
  control cannot reduce xi where beta^H_xi ~ 0, so switching it
  off (the regularized behaviour) costs nothing in performance.

  writing figures ...
    /Users/atlas/Desktop/Aegis/sim_prototype/../figures/fig_bell_chatter.pdf
    /Users/atlas/Desktop/Aegis/sim_prototype/../figures/fig_chatter_robustness.pdf

### [5/6] fig_signflip.py   -> fig_chatter_robustness.pdf  (YOUR chosen version)
wrote fig_chatter_robustness.pdf

### [6/6] run_robustness_acc.py 1000 -> fig_robustness.pdf  (M=1000 per design)
robustness study (accelerated): M = 1000, uncertainty kappa in [3, 8]
  funnel eps0=0.7, eps_T=0.3, T=4.0; theta_b=0.35, dt=5.0e-04
  robust controller     -> design model kappa = 3
  optimistic controller -> design model kappa = 8
  parallel workers: 10  (6000 trajectories)

  6000 trajectories integrated in 22s

  true plant kappa = 3:
    robust      confined 931/1000 =  93.1%   worst xi/eps = 1.93
    optimistic  confined 784/1000 =  78.4%   worst xi/eps = 3.03
  true plant kappa = 5:
    robust      confined 981/1000 =  98.1%   worst xi/eps = 1.38
    optimistic  confined 864/1000 =  86.4%   worst xi/eps = 2.67
  true plant kappa = 8:
    robust      confined 999/1000 =  99.9%   worst xi/eps = 1.01
    optimistic  confined 939/1000 =  93.9%   worst xi/eps = 1.81

  On the worst-case plant the two controllers confine at comparable
  frequency; the optimistic design produces the more severe excursions
  (Proposition IV.3 bounds the worst-case drift, hence the excursion severity).
  wrote /Users/atlas/Desktop/Aegis/sim_prototype/../figures/fig_robustness.pdf

